// Jest Snapshot v1, https://goo.gl/fbAQLP

exports[`Landing is Working When Renders And Matches Snapshot 1`] = `
Object {
  "asFragment": [Function],
  "baseElement": <body>
    <div>
      <div
        class="MuiBox-root MuiBox-root-20 sc-bdnxRM cMXyzQ"
        id="landing"
      >
        <h4
          class="MuiTypography-root MuiTypography-h4 MuiTypography-alignCenter"
        >
          Hi 
           - Welcome To The Content Management System
        </h4>
        <h5
          class="MuiTypography-root MuiTypography-h5 MuiTypography-alignCenter"
        >
          What would you like to do?
        </h5>
        <div
          class="MuiBox-root MuiBox-root-21"
        >
          <div
            class="MuiGrid-root MuiGrid-container MuiGrid-justify-xs-space-evenly"
          >
            <div
              class="MuiGrid-root MuiGrid-item MuiGrid-grid-xs-12 MuiGrid-grid-md-4"
            >
              <div
                class="MuiBox-root MuiBox-root-22"
              >
                <div
                  class="MuiPaper-root cardEntry MuiPaper-elevation1 MuiPaper-rounded"
                >
                  <div
                    class="MuiBox-root MuiBox-root-23"
                  >
                    <h6
                      class="MuiTypography-root MuiTypography-h6 MuiTypography-alignCenter"
                    >
                      Manage Units
                    </h6>
                    <p
                      class="MuiTypography-root MuiTypography-body1 MuiTypography-alignCenter"
                    >
                      Create/Delete/Update/View Units available to the general user
                    </p>
                    <div
                      class="MuiBox-root MuiBox-root-24"
                    >
                      <svg
                        height="300px"
                        width="100%"
                      >
                        undraw_education_f8ru.svg
                      </svg>
                    </div>
                  </div>
                </div>
              </div>
            </div>
            <div
              class="MuiGrid-root MuiGrid-item MuiGrid-grid-xs-12 MuiGrid-grid-md-4"
            >
              <div
                class="MuiBox-root MuiBox-root-25"
              >
                <div
                  class="MuiPaper-root cardEntry MuiPaper-elevation1 MuiPaper-rounded"
                >
                  <div
                    class="MuiBox-root MuiBox-root-26"
                  >
                    <h6
                      class="MuiTypography-root MuiTypography-h6 MuiTypography-alignCenter"
                    >
                      Manage Majors
                    </h6>
                    <p
                      class="MuiTypography-root MuiTypography-body1 MuiTypography-alignCenter"
                    >
                      Create/Delete/Update/View Majors available to the general user
                    </p>
                    <div
                      class="MuiBox-root MuiBox-root-27"
                    >
                      <svg
                        height="300px"
                        width="100%"
                      >
                        undraw_certificate_343v.svg
                      </svg>
                    </div>
                  </div>
                </div>
              </div>
            </div>
          </div>
        </div>
        <div
          class="MuiBox-root MuiBox-root-28"
        >
          <div
            class="MuiGrid-root MuiGrid-container MuiGrid-justify-xs-space-evenly"
          >
            <div
              class="MuiGrid-root MuiGrid-item MuiGrid-grid-xs-12 MuiGrid-grid-md-4"
            >
              <div
                class="MuiBox-root MuiBox-root-29"
              >
                <div
                  class="MuiPaper-root cardEntry MuiPaper-elevation1 MuiPaper-rounded"
                >
                  <div
                    class="MuiBox-root MuiBox-root-30"
                  >
                    <h6
                      class="MuiTypography-root MuiTypography-h6 MuiTypography-alignCenter"
                    >
                      Manage Careers
                    </h6>
                    <p
                      class="MuiTypography-root MuiTypography-body1 MuiTypography-alignCenter"
                    >
                      Create/Delete/Update/View Careers available to the general user
                    </p>
                    <div
                      class="MuiBox-root MuiBox-root-31"
                    >
                      <svg
                        height="300px"
                        width="100%"
                      >
                        undraw_career_progress_ivdb.svg
                      </svg>
                    </div>
                  </div>
                </div>
              </div>
            </div>
            <div
              class="MuiGrid-root MuiGrid-item MuiGrid-grid-xs-12 MuiGrid-grid-md-4"
            >
              <div
                class="MuiBox-root MuiBox-root-32"
              >
                <div
                  class="MuiPaper-root cardEntry MuiPaper-elevation1 MuiPaper-rounded"
                >
                  <div
                    class="MuiBox-root MuiBox-root-33"
                  >
                    <h6
                      class="MuiTypography-root MuiTypography-h6 MuiTypography-alignCenter"
                    >
                      Manage Specializations
                    </h6>
                    <p
                      class="MuiTypography-root MuiTypography-body1 MuiTypography-alignCenter"
                    >
                      Create/Delete/Update/View Specializations available to the general user
                    </p>
                    <div
                      class="MuiBox-root MuiBox-root-34"
                    >
                      <svg
                        height="300px"
                        width="100%"
                      >
                        undraw_stand_out_1oag.svg
                      </svg>
                    </div>
                  </div>
                </div>
              </div>
            </div>
          </div>
        </div>
        <div
          class="MuiBox-root MuiBox-root-35"
        >
          <div
            class="MuiGrid-root MuiGrid-container MuiGrid-justify-xs-space-evenly"
          >
            <div
              class="MuiGrid-root MuiGrid-item MuiGrid-grid-xs-12 MuiGrid-grid-md-4"
            >
              <div
                class="MuiBox-root MuiBox-root-36"
              >
                <div
                  class="MuiPaper-root cardEntry MuiPaper-elevation1 MuiPaper-rounded"
                >
                  <div
                    class="MuiBox-root MuiBox-root-37"
                  >
                    <h6
                      class="MuiTypography-root MuiTypography-h6 MuiTypography-alignCenter"
                    >
                      Bulk Upload
                    </h6>
                    <p
                      class="MuiTypography-root MuiTypography-body1 MuiTypography-alignCenter"
                    >
                      Upload A CSV To Perform Bulk Operations
                    </p>
                    <div
                      class="MuiBox-root MuiBox-root-38"
                    >
                      <svg
                        height="300px"
                        width="100%"
                      >
                        undraw_Order_delivered_re_v4ab.svg
                      </svg>
                    </div>
                  </div>
                </div>
              </div>
            </div>
          </div>
        </div>
      </div>
    </div>
  </body>,
  "container": <div>
    <div
      class="MuiBox-root MuiBox-root-20 sc-bdnxRM cMXyzQ"
      id="landing"
    >
      <h4
        class="MuiTypography-root MuiTypography-h4 MuiTypography-alignCenter"
      >
        Hi 
         - Welcome To The Content Management System
      </h4>
      <h5
        class="MuiTypography-root MuiTypography-h5 MuiTypography-alignCenter"
      >
        What would you like to do?
      </h5>
      <div
        class="MuiBox-root MuiBox-root-21"
      >
        <div
          class="MuiGrid-root MuiGrid-container MuiGrid-justify-xs-space-evenly"
        >
          <div
            class="MuiGrid-root MuiGrid-item MuiGrid-grid-xs-12 MuiGrid-grid-md-4"
          >
            <div
              class="MuiBox-root MuiBox-root-22"
            >
              <div
                class="MuiPaper-root cardEntry MuiPaper-elevation1 MuiPaper-rounded"
              >
                <div
                  class="MuiBox-root MuiBox-root-23"
                >
                  <h6
                    class="MuiTypography-root MuiTypography-h6 MuiTypography-alignCenter"
                  >
                    Manage Units
                  </h6>
                  <p
                    class="MuiTypography-root MuiTypography-body1 MuiTypography-alignCenter"
                  >
                    Create/Delete/Update/View Units available to the general user
                  </p>
                  <div
                    class="MuiBox-root MuiBox-root-24"
                  >
                    <svg
                      height="300px"
                      width="100%"
                    >
                      undraw_education_f8ru.svg
                    </svg>
                  </div>
                </div>
              </div>
            </div>
          </div>
          <div
            class="MuiGrid-root MuiGrid-item MuiGrid-grid-xs-12 MuiGrid-grid-md-4"
          >
            <div
              class="MuiBox-root MuiBox-root-25"
            >
              <div
                class="MuiPaper-root cardEntry MuiPaper-elevation1 MuiPaper-rounded"
              >
                <div
                  class="MuiBox-root MuiBox-root-26"
                >
                  <h6
                    class="MuiTypography-root MuiTypography-h6 MuiTypography-alignCenter"
                  >
                    Manage Majors
                  </h6>
                  <p
                    class="MuiTypography-root MuiTypography-body1 MuiTypography-alignCenter"
                  >
                    Create/Delete/Update/View Majors available to the general user
                  </p>
                  <div
                    class="MuiBox-root MuiBox-root-27"
                  >
                    <svg
                      height="300px"
                      width="100%"
                    >
                      undraw_certificate_343v.svg
                    </svg>
                  </div>
                </div>
              </div>
            </div>
          </div>
        </div>
      </div>
      <div
        class="MuiBox-root MuiBox-root-28"
      >
        <div
          class="MuiGrid-root MuiGrid-container MuiGrid-justify-xs-space-evenly"
        >
          <div
            class="MuiGrid-root MuiGrid-item MuiGrid-grid-xs-12 MuiGrid-grid-md-4"
          >
            <div
              class="MuiBox-root MuiBox-root-29"
            >
              <div
                class="MuiPaper-root cardEntry MuiPaper-elevation1 MuiPaper-rounded"
              >
                <div
                  class="MuiBox-root MuiBox-root-30"
                >
                  <h6
                    class="MuiTypography-root MuiTypography-h6 MuiTypography-alignCenter"
                  >
                    Manage Careers
                  </h6>
                  <p
                    class="MuiTypography-root MuiTypography-body1 MuiTypography-alignCenter"
                  >
                    Create/Delete/Update/View Careers available to the general user
                  </p>
                  <div
                    class="MuiBox-root MuiBox-root-31"
                  >
                    <svg
                      height="300px"
                      width="100%"
                    >
                      undraw_career_progress_ivdb.svg
                    </svg>
                  </div>
                </div>
              </div>
            </div>
          </div>
          <div
            class="MuiGrid-root MuiGrid-item MuiGrid-grid-xs-12 MuiGrid-grid-md-4"
          >
            <div
              class="MuiBox-root MuiBox-root-32"
            >
              <div
                class="MuiPaper-root cardEntry MuiPaper-elevation1 MuiPaper-rounded"
              >
                <div
                  class="MuiBox-root MuiBox-root-33"
                >
                  <h6
                    class="MuiTypography-root MuiTypography-h6 MuiTypography-alignCenter"
                  >
                    Manage Specializations
                  </h6>
                  <p
                    class="MuiTypography-root MuiTypography-body1 MuiTypography-alignCenter"
                  >
                    Create/Delete/Update/View Specializations available to the general user
                  </p>
                  <div
                    class="MuiBox-root MuiBox-root-34"
                  >
                    <svg
                      height="300px"
                      width="100%"
                    >
                      undraw_stand_out_1oag.svg
                    </svg>
                  </div>
                </div>
              </div>
            </div>
          </div>
        </div>
      </div>
      <div
        class="MuiBox-root MuiBox-root-35"
      >
        <div
          class="MuiGrid-root MuiGrid-container MuiGrid-justify-xs-space-evenly"
        >
          <div
            class="MuiGrid-root MuiGrid-item MuiGrid-grid-xs-12 MuiGrid-grid-md-4"
          >
            <div
              class="MuiBox-root MuiBox-root-36"
            >
              <div
                class="MuiPaper-root cardEntry MuiPaper-elevation1 MuiPaper-rounded"
              >
                <div
                  class="MuiBox-root MuiBox-root-37"
                >
                  <h6
                    class="MuiTypography-root MuiTypography-h6 MuiTypography-alignCenter"
                  >
                    Bulk Upload
                  </h6>
                  <p
                    class="MuiTypography-root MuiTypography-body1 MuiTypography-alignCenter"
                  >
                    Upload A CSV To Perform Bulk Operations
                  </p>
                  <div
                    class="MuiBox-root MuiBox-root-38"
                  >
                    <svg
                      height="300px"
                      width="100%"
                    >
                      undraw_Order_delivered_re_v4ab.svg
                    </svg>
                  </div>
                </div>
              </div>
            </div>
          </div>
        </div>
      </div>
    </div>
  </div>,
  "debug": [Function],
  "findAllByAltText": [Function],
  "findAllByDisplayValue": [Function],
  "findAllByLabelText": [Function],
  "findAllByPlaceholderText": [Function],
  "findAllByRole": [Function],
  "findAllByTestId": [Function],
  "findAllByText": [Function],
  "findAllByTitle": [Function],
  "findByAltText": [Function],
  "findByDisplayValue": [Function],
  "findByLabelText": [Function],
  "findByPlaceholderText": [Function],
  "findByRole": [Function],
  "findByTestId": [Function],
  "findByText": [Function],
  "findByTitle": [Function],
  "getAllByAltText": [Function],
  "getAllByDisplayValue": [Function],
  "getAllByLabelText": [Function],
  "getAllByPlaceholderText": [Function],
  "getAllByRole": [Function],
  "getAllByTestId": [Function],
  "getAllByText": [Function],
  "getAllByTitle": [Function],
  "getByAltText": [Function],
  "getByDisplayValue": [Function],
  "getByLabelText": [Function],
  "getByPlaceholderText": [Function],
  "getByRole": [Function],
  "getByTestId": [Function],
  "getByText": [Function],
  "getByTitle": [Function],
  "queryAllByAltText": [Function],
  "queryAllByDisplayValue": [Function],
  "queryAllByLabelText": [Function],
  "queryAllByPlaceholderText": [Function],
  "queryAllByRole": [Function],
  "queryAllByTestId": [Function],
  "queryAllByText": [Function],
  "queryAllByTitle": [Function],
  "queryByAltText": [Function],
  "queryByDisplayValue": [Function],
  "queryByLabelText": [Function],
  "queryByPlaceholderText": [Function],
  "queryByRole": [Function],
  "queryByTestId": [Function],
  "queryByText": [Function],
  "queryByTitle": [Function],
  "rerender": [Function],
  "unmount": [Function],
}
`;
