// Jest Snapshot v1, https://goo.gl/fbAQLP

exports[`Landing General Frontend is working which happens When Renders And Matches Snapshot 1`] = `
Object {
  "asFragment": [Function],
  "baseElement": <body>
    <div>
      <div
        class="MuiContainer-root MuiContainer-maxWidthLg"
      >
        <div
          class="MuiBox-root MuiBox-root-15"
        >
          <h2
            class="MuiTypography-root MuiTypography-h5"
          >
            Hi, Welcome to Curtin University's Medical Course Planner
          </h2>
        </div>
        <div
          class="MuiBox-root MuiBox-root-16"
        >
          <h3
            class="MuiTypography-root classes.prompt MuiTypography-subtitle1"
          >
            What Would You Like To Do?
          </h3>
        </div>
        <div
          class="MuiGrid-root MuiGrid-container MuiGrid-spacing-xs-2 MuiGrid-justify-content-xs-center"
        >
          <div
            class="MuiGrid-root MuiGrid-item MuiGrid-grid-xs-12 MuiGrid-grid-md-6"
          >
            <div
              class="MuiBox-root MuiBox-root-17"
            >
              <div
                class="sc-bdfBQB jpocOe"
              >
                <div
                  class="MuiBox-root MuiBox-root-18"
                >
                  <div
                    class="MuiPaper-root max-width cardprompt MuiPaper-elevation1 MuiPaper-rounded"
                  >
                    <div
                      class="MuiBox-root MuiBox-root-19"
                    >
                      <div
                        class="MuiBox-root MuiBox-root-20"
                      >
                        <h6
                          class="MuiTypography-root MuiTypography-h6"
                        >
                          Plan My Medical Course
                        </h6>
                      </div>
                      <img
                        alt="A Doctor Pointing At A Whiteboard"
                        class="responsive-img"
                        src="doctor_teacher.webp"
                      />
                      <p
                        class="MuiTypography-root MuiTypography-body1 MuiTypography-alignCenter"
                      >
                        See how Curtin's flexible course structure can be shaped to you advantage.
                      </p>
                    </div>
                  </div>
                </div>
              </div>
            </div>
          </div>
          <div
            class="MuiGrid-root MuiGrid-item MuiGrid-grid-xs-12 MuiGrid-grid-md-6"
          >
            <div
              class="MuiBox-root MuiBox-root-21"
            >
              <div
                class="sc-bdfBQB jpocOe"
              >
                <div
                  class="MuiBox-root MuiBox-root-22"
                >
                  <div
                    class="MuiPaper-root max-width cardprompt MuiPaper-elevation1 MuiPaper-rounded"
                  >
                    <div
                      class="MuiBox-root MuiBox-root-23"
                    >
                      <div
                        class="MuiBox-root MuiBox-root-24"
                      >
                        <h6
                          class="MuiTypography-root MuiTypography-h6"
                        >
                          See Available Careers
                        </h6>
                      </div>
                      <img
                        alt="A Stock Image Declaring Keywords Around Dream Jobs"
                        class="responsive-img"
                        src="career.webp"
                      />
                      <p
                        class="MuiTypography-root MuiTypography-body1 MuiTypography-alignCenter"
                      >
                        See all the possible careers Curtin can lead to and their requirements.
                      </p>
                    </div>
                  </div>
                </div>
              </div>
            </div>
          </div>
          <div
            class="MuiGrid-root MuiGrid-item MuiGrid-grid-xs-12 MuiGrid-grid-md-6"
          >
            <div
              class="MuiBox-root MuiBox-root-25"
            >
              <div
                class="sc-bdfBQB jpocOe"
              >
                <div
                  class="MuiBox-root MuiBox-root-26"
                >
                  <div
                    class="MuiPaper-root max-width cardprompt MuiPaper-elevation1 MuiPaper-rounded"
                  >
                    <div
                      class="MuiBox-root MuiBox-root-27"
                    >
                      <div
                        class="MuiBox-root MuiBox-root-28"
                      >
                        <h6
                          class="MuiTypography-root MuiTypography-h6"
                        >
                          See Available Units
                        </h6>
                      </div>
                      <img
                        alt="A Stock Image Declaring Units"
                        class="responsive-img"
                        src="traits_image.webp"
                      />
                      <p
                        class="MuiTypography-root MuiTypography-body1 MuiTypography-alignCenter"
                      >
                        Discover all the courses that Curtin University offers in this program.
                      </p>
                    </div>
                  </div>
                </div>
              </div>
            </div>
          </div>
        </div>
      </div>
    </div>
  </body>,
  "container": <div>
    <div
      class="MuiContainer-root MuiContainer-maxWidthLg"
    >
      <div
        class="MuiBox-root MuiBox-root-15"
      >
        <h2
          class="MuiTypography-root MuiTypography-h5"
        >
          Hi, Welcome to Curtin University's Medical Course Planner
        </h2>
      </div>
      <div
        class="MuiBox-root MuiBox-root-16"
      >
        <h3
          class="MuiTypography-root classes.prompt MuiTypography-subtitle1"
        >
          What Would You Like To Do?
        </h3>
      </div>
      <div
        class="MuiGrid-root MuiGrid-container MuiGrid-spacing-xs-2 MuiGrid-justify-content-xs-center"
      >
        <div
          class="MuiGrid-root MuiGrid-item MuiGrid-grid-xs-12 MuiGrid-grid-md-6"
        >
          <div
            class="MuiBox-root MuiBox-root-17"
          >
            <div
              class="sc-bdfBQB jpocOe"
            >
              <div
                class="MuiBox-root MuiBox-root-18"
              >
                <div
                  class="MuiPaper-root max-width cardprompt MuiPaper-elevation1 MuiPaper-rounded"
                >
                  <div
                    class="MuiBox-root MuiBox-root-19"
                  >
                    <div
                      class="MuiBox-root MuiBox-root-20"
                    >
                      <h6
                        class="MuiTypography-root MuiTypography-h6"
                      >
                        Plan My Medical Course
                      </h6>
                    </div>
                    <img
                      alt="A Doctor Pointing At A Whiteboard"
                      class="responsive-img"
                      src="doctor_teacher.webp"
                    />
                    <p
                      class="MuiTypography-root MuiTypography-body1 MuiTypography-alignCenter"
                    >
                      See how Curtin's flexible course structure can be shaped to you advantage.
                    </p>
                  </div>
                </div>
              </div>
            </div>
          </div>
        </div>
        <div
          class="MuiGrid-root MuiGrid-item MuiGrid-grid-xs-12 MuiGrid-grid-md-6"
        >
          <div
            class="MuiBox-root MuiBox-root-21"
          >
            <div
              class="sc-bdfBQB jpocOe"
            >
              <div
                class="MuiBox-root MuiBox-root-22"
              >
                <div
                  class="MuiPaper-root max-width cardprompt MuiPaper-elevation1 MuiPaper-rounded"
                >
                  <div
                    class="MuiBox-root MuiBox-root-23"
                  >
                    <div
                      class="MuiBox-root MuiBox-root-24"
                    >
                      <h6
                        class="MuiTypography-root MuiTypography-h6"
                      >
                        See Available Careers
                      </h6>
                    </div>
                    <img
                      alt="A Stock Image Declaring Keywords Around Dream Jobs"
                      class="responsive-img"
                      src="career.webp"
                    />
                    <p
                      class="MuiTypography-root MuiTypography-body1 MuiTypography-alignCenter"
                    >
                      See all the possible careers Curtin can lead to and their requirements.
                    </p>
                  </div>
                </div>
              </div>
            </div>
          </div>
        </div>
        <div
          class="MuiGrid-root MuiGrid-item MuiGrid-grid-xs-12 MuiGrid-grid-md-6"
        >
          <div
            class="MuiBox-root MuiBox-root-25"
          >
            <div
              class="sc-bdfBQB jpocOe"
            >
              <div
                class="MuiBox-root MuiBox-root-26"
              >
                <div
                  class="MuiPaper-root max-width cardprompt MuiPaper-elevation1 MuiPaper-rounded"
                >
                  <div
                    class="MuiBox-root MuiBox-root-27"
                  >
                    <div
                      class="MuiBox-root MuiBox-root-28"
                    >
                      <h6
                        class="MuiTypography-root MuiTypography-h6"
                      >
                        See Available Units
                      </h6>
                    </div>
                    <img
                      alt="A Stock Image Declaring Units"
                      class="responsive-img"
                      src="traits_image.webp"
                    />
                    <p
                      class="MuiTypography-root MuiTypography-body1 MuiTypography-alignCenter"
                    >
                      Discover all the courses that Curtin University offers in this program.
                    </p>
                  </div>
                </div>
              </div>
            </div>
          </div>
        </div>
      </div>
    </div>
  </div>,
  "debug": [Function],
  "findAllByAltText": [Function],
  "findAllByDisplayValue": [Function],
  "findAllByLabelText": [Function],
  "findAllByPlaceholderText": [Function],
  "findAllByRole": [Function],
  "findAllByTestId": [Function],
  "findAllByText": [Function],
  "findAllByTitle": [Function],
  "findByAltText": [Function],
  "findByDisplayValue": [Function],
  "findByLabelText": [Function],
  "findByPlaceholderText": [Function],
  "findByRole": [Function],
  "findByTestId": [Function],
  "findByText": [Function],
  "findByTitle": [Function],
  "getAllByAltText": [Function],
  "getAllByDisplayValue": [Function],
  "getAllByLabelText": [Function],
  "getAllByPlaceholderText": [Function],
  "getAllByRole": [Function],
  "getAllByTestId": [Function],
  "getAllByText": [Function],
  "getAllByTitle": [Function],
  "getByAltText": [Function],
  "getByDisplayValue": [Function],
  "getByLabelText": [Function],
  "getByPlaceholderText": [Function],
  "getByRole": [Function],
  "getByTestId": [Function],
  "getByText": [Function],
  "getByTitle": [Function],
  "queryAllByAltText": [Function],
  "queryAllByDisplayValue": [Function],
  "queryAllByLabelText": [Function],
  "queryAllByPlaceholderText": [Function],
  "queryAllByRole": [Function],
  "queryAllByTestId": [Function],
  "queryAllByText": [Function],
  "queryAllByTitle": [Function],
  "queryByAltText": [Function],
  "queryByDisplayValue": [Function],
  "queryByLabelText": [Function],
  "queryByPlaceholderText": [Function],
  "queryByRole": [Function],
  "queryByTestId": [Function],
  "queryByText": [Function],
  "queryByTitle": [Function],
  "rerender": [Function],
  "unmount": [Function],
}
`;
