// Jest Snapshot v1, https://goo.gl/fbAQLP

exports[`View All Careers is working which happens When Renders And Matches Snapshot 1`] = `
Object {
  "asFragment": [Function],
  "baseElement": <body>
    <div>
      <header
        class="MuiPaper-root MuiAppBar-root MuiAppBar-positionStatic MuiAppBar-colorPrimary sc-bdnxRM hKTgfL MuiPaper-elevation4"
      >
        <div
          class="MuiToolbar-root MuiToolbar-regular flexit MuiToolbar-gutters"
        >
          <div
            class="MuiBox-root MuiBox-root-19"
            id="LogoSection"
          >
            <img
              alt="curtin logo"
              src="curtinlogo.png"
            />
          </div>
          <h6
            class="MuiTypography-root MuiTypography-h6"
          >
            <b>
              Medical Course Planner  
            </b>
          </h6>
        </div>
      </header>
      <br />
      <div
        class="MuiContainer-root MuiContainer-maxWidthLg"
      >
        <div
          class="MuiBox-root MuiBox-root-20"
          id="searchcontainer"
        >
          <div
            class="MuiFormControl-root MuiTextField-root searchbar MuiFormControl-fullWidth"
          >
            <div
              class="MuiInputBase-root MuiOutlinedInput-root MuiInputBase-fullWidth MuiInputBase-formControl"
            >
              <input
                aria-invalid="false"
                class="MuiInputBase-input MuiOutlinedInput-input"
                id="standard-full-width"
                placeholder="Search careers..."
                type="text"
                value=""
              />
              <fieldset
                aria-hidden="true"
                class="PrivateNotchedOutline-root-21 MuiOutlinedInput-notchedOutline"
                style="padding-left: 8px;"
              >
                <legend
                  class="PrivateNotchedOutline-legend-22"
                  style="width: 0.01px;"
                >
                  <span>
                    ​
                  </span>
                </legend>
              </fieldset>
            </div>
          </div>
          <button
            class="MuiButtonBase-root MuiButton-root MuiButton-contained searchbtn"
            tabindex="0"
            type="button"
          >
            <span
              class="MuiButton-label"
            >
              Search
            </span>
            <span
              class="MuiTouchRipple-root"
            />
          </button>
        </div>
        <br />
        <div
          class="career-option"
        >
          <div
            class="MuiPaper-root MuiCard-root makeStyles-root-13 MuiPaper-outlined MuiPaper-rounded"
          >
            <div
              class="makeStyles-details-14"
            >
              <div
                class="MuiCardContent-root makeStyles-content-15"
              >
                <h5
                  class="MuiTypography-root MuiTypography-h5 MuiTypography-alignLeft"
                />
                <h6
                  class="MuiTypography-root MuiTypography-subtitle1 MuiTypography-colorTextSecondary"
                />
              </div>
              <div
                class="makeStyles-controls-17"
              />
            </div>
          </div>
        </div>
      </div>
      <br />
      <button
        class="MuiButtonBase-root MuiButton-root MuiButton-contained"
        tabindex="0"
        type="button"
      >
        <span
          class="MuiButton-label"
        >
          Back
        </span>
        <span
          class="MuiTouchRipple-root"
        />
      </button>
    </div>
  </body>,
  "container": <div>
    <header
      class="MuiPaper-root MuiAppBar-root MuiAppBar-positionStatic MuiAppBar-colorPrimary sc-bdnxRM hKTgfL MuiPaper-elevation4"
    >
      <div
        class="MuiToolbar-root MuiToolbar-regular flexit MuiToolbar-gutters"
      >
        <div
          class="MuiBox-root MuiBox-root-19"
          id="LogoSection"
        >
          <img
            alt="curtin logo"
            src="curtinlogo.png"
          />
        </div>
        <h6
          class="MuiTypography-root MuiTypography-h6"
        >
          <b>
            Medical Course Planner  
          </b>
        </h6>
      </div>
    </header>
    <br />
    <div
      class="MuiContainer-root MuiContainer-maxWidthLg"
    >
      <div
        class="MuiBox-root MuiBox-root-20"
        id="searchcontainer"
      >
        <div
          class="MuiFormControl-root MuiTextField-root searchbar MuiFormControl-fullWidth"
        >
          <div
            class="MuiInputBase-root MuiOutlinedInput-root MuiInputBase-fullWidth MuiInputBase-formControl"
          >
            <input
              aria-invalid="false"
              class="MuiInputBase-input MuiOutlinedInput-input"
              id="standard-full-width"
              placeholder="Search careers..."
              type="text"
              value=""
            />
            <fieldset
              aria-hidden="true"
              class="PrivateNotchedOutline-root-21 MuiOutlinedInput-notchedOutline"
              style="padding-left: 8px;"
            >
              <legend
                class="PrivateNotchedOutline-legend-22"
                style="width: 0.01px;"
              >
                <span>
                  ​
                </span>
              </legend>
            </fieldset>
          </div>
        </div>
        <button
          class="MuiButtonBase-root MuiButton-root MuiButton-contained searchbtn"
          tabindex="0"
          type="button"
        >
          <span
            class="MuiButton-label"
          >
            Search
          </span>
          <span
            class="MuiTouchRipple-root"
          />
        </button>
      </div>
      <br />
      <div
        class="career-option"
      >
        <div
          class="MuiPaper-root MuiCard-root makeStyles-root-13 MuiPaper-outlined MuiPaper-rounded"
        >
          <div
            class="makeStyles-details-14"
          >
            <div
              class="MuiCardContent-root makeStyles-content-15"
            >
              <h5
                class="MuiTypography-root MuiTypography-h5 MuiTypography-alignLeft"
              />
              <h6
                class="MuiTypography-root MuiTypography-subtitle1 MuiTypography-colorTextSecondary"
              />
            </div>
            <div
              class="makeStyles-controls-17"
            />
          </div>
        </div>
      </div>
    </div>
    <br />
    <button
      class="MuiButtonBase-root MuiButton-root MuiButton-contained"
      tabindex="0"
      type="button"
    >
      <span
        class="MuiButton-label"
      >
        Back
      </span>
      <span
        class="MuiTouchRipple-root"
      />
    </button>
  </div>,
  "debug": [Function],
  "findAllByAltText": [Function],
  "findAllByDisplayValue": [Function],
  "findAllByLabelText": [Function],
  "findAllByPlaceholderText": [Function],
  "findAllByRole": [Function],
  "findAllByTestId": [Function],
  "findAllByText": [Function],
  "findAllByTitle": [Function],
  "findByAltText": [Function],
  "findByDisplayValue": [Function],
  "findByLabelText": [Function],
  "findByPlaceholderText": [Function],
  "findByRole": [Function],
  "findByTestId": [Function],
  "findByText": [Function],
  "findByTitle": [Function],
  "getAllByAltText": [Function],
  "getAllByDisplayValue": [Function],
  "getAllByLabelText": [Function],
  "getAllByPlaceholderText": [Function],
  "getAllByRole": [Function],
  "getAllByTestId": [Function],
  "getAllByText": [Function],
  "getAllByTitle": [Function],
  "getByAltText": [Function],
  "getByDisplayValue": [Function],
  "getByLabelText": [Function],
  "getByPlaceholderText": [Function],
  "getByRole": [Function],
  "getByTestId": [Function],
  "getByText": [Function],
  "getByTitle": [Function],
  "queryAllByAltText": [Function],
  "queryAllByDisplayValue": [Function],
  "queryAllByLabelText": [Function],
  "queryAllByPlaceholderText": [Function],
  "queryAllByRole": [Function],
  "queryAllByTestId": [Function],
  "queryAllByText": [Function],
  "queryAllByTitle": [Function],
  "queryByAltText": [Function],
  "queryByDisplayValue": [Function],
  "queryByLabelText": [Function],
  "queryByPlaceholderText": [Function],
  "queryByRole": [Function],
  "queryByTestId": [Function],
  "queryByText": [Function],
  "queryByTitle": [Function],
  "rerender": [Function],
  "unmount": [Function],
}
`;
