{"statusCode":200,"body":[{"Id":"TestDontDelete","Name":"TestDontDelete"}]}